
> deep-tech-backend@1.0.0 test
> cross-env NODE_OPTIONS=--experimental-vm-modules npx jest tests/integration/auth.test.js

  console.warn
    ÔÜá´©Å Gmail SMTP configuration missing. Brevo will be used as primary email service.

    [0m [90m  5 |[39m [90m// Validate email configuration[39m
     [90m  6 |[39m [36mif[39m ([33m![39mprocess[33m.[39menv[33m.[39m[33mEMAIL_USER[39m [33m||[39m [33m![39mprocess[33m.[39menv[33m.[39m[33mEMAIL_PASS[39m) {
    [31m[1m>[22m[39m[90m  7 |[39m   console[33m.[39mwarn([32m"ÔÜá´©Å Gmail SMTP configuration missing. Brevo will be used as primary email service."[39m)[33m;[39m
     [90m    |[39m           [31m[1m^[22m[39m
     [90m  8 |[39m }
     [90m  9 |[39m
     [90m 10 |[39m [36mconst[39m transporter [33m=[39m nodemailer[33m.[39mcreateTransport({[0m

      at utils/mailer.js:7:11

  console.log
    ­ƒÜÇ Socket.IO chat server initialized

      at initializeSocketIO (utils/chatSocketService.js:525:11)

node.exe : (node:19136) ExperimentalWarning: VM 
Modules is an experimental feature and might 
change at any time
At line:1 char:1
+ & "C:\Program Files\nodejs/node.exe" 
"C:\Program Files\nodejs/node_mo ...
+ ~~~~~~~~~~~~~~~~~~~~~~~~~~~~~~~~~~~~~~~~~~~~~~~~
~~~~~~~~~~~~~~~~~~~~~
    + CategoryInfo          : NotSpecified: ((nod 
   e:19136) Ex...nge at any time:String) [], Rem  
  oteException
    + FullyQualifiedErrorId : NativeCommandError
 
(Use `node --trace-warnings ...` to show where 
the warning was created)
FAIL tests/integration/auth.test.js
  Integration Test: Authentication
    ├ù POST /api/auth/dtuser/login should return 
200 and token (2 ms)
    ├ù POST /api/auth/dtuser/login with invalid 
credentials should return 401

  ÔùÅ Integration Test: Authentication ÔÇ║ POST 
/api/auth/dtuser/login should return 200 and token

    RangeError: Maximum call stack size exceeded

    [0m [90m 122 |[39m         [36mthrow[39m 
[36mnew[39m [33mError[39m([32m'CRITICAL: 
Attempted write to a non-local database during 
tests!'[39m)[33m;[39m
     [90m 123 |[39m     }
    [31m[1m>[22m[39m[90m 124 |[39m     
[36mreturn[39m originalCollectionMethods[33m.[
39minsertOne[33m.[39mapply([36mthis[39m[33m,
[39m args)[33m;[39m
     [90m     |[39m                             
                   [31m[1m^[22m[39m
     [90m 125 |[39m })[33m;[39m
     [90m 126 |[39m
     [90m 127 |[39m writeSpies[33m.[39minsertM
any[33m.[39mmockImplementation([36mfunction[39
m ([33m...[39margs) {[0m

      at NativeCollection.<anonymous> 
(node_modules/jest-mock/build/index.js:256:28)
      at NativeCollection.<anonymous> 
(tests/setup.js:124:48)
      at NativeCollection.<anonymous> 
(tests/setup.js:124:48)
      at NativeCollection.<anonymous> 
(tests/setup.js:124:48)
      at NativeCollection.<anonymous> 
(tests/setup.js:124:48)
      at NativeCollection.<anonymous> 
(tests/setup.js:124:48)
      at NativeCollection.<anonymous> 
(tests/setup.js:124:48)
      at NativeCollection.<anonymous> 
(tests/setup.js:124:48)
      at NativeCollection.<anonymous> 
(tests/setup.js:124:48)
      at NativeCollection.<anonymous> 
(tests/setup.js:124:48)
      at NativeCollection.<anonymous> 
(tests/setup.js:124:48)
      at NativeCollection.<anonymous> 
(tests/setup.js:124:48)
      at NativeCollection.<anonymous> 
(tests/setup.js:124:48)
      at NativeCollection.<anonymous> 
(tests/setup.js:124:48)
      at NativeCollection.<anonymous> 
(tests/setup.js:124:48)
      at NativeCollection.<anonymous> 
(tests/setup.js:124:48)
      at NativeCollection.<anonymous> 
(tests/setup.js:124:48)
      at NativeCollection.<anonymous> 
(tests/setup.js:124:48)
      at NativeCollection.<anonymous> 
(tests/setup.js:124:48)
      at NativeCollection.<anonymous> 
(tests/setup.js:124:48)
      at NativeCollection.<anonymous> 
(tests/setup.js:124:48)
      at NativeCollection.<anonymous> 
(tests/setup.js:124:48)
      at NativeCollection.<anonymous> 
(tests/setup.js:124:48)
      at NativeCollection.<anonymous> 
(tests/setup.js:124:48)
      at NativeCollection.<anonymous> 
(tests/setup.js:124:48)
      at NativeCollection.<anonymous> 
(tests/setup.js:124:48)

  ÔùÅ Integration Test: Authentication ÔÇ║ POST 
/api/auth/dtuser/login with invalid credentials 
should return 401

    RangeError: Maximum call stack size exceeded

    [0m [90m 122 |[39m         [36mthrow[39m 
[36mnew[39m [33mError[39m([32m'CRITICAL: 
Attempted write to a non-local database during 
tests!'[39m)[33m;[39m
     [90m 123 |[39m     }
    [31m[1m>[22m[39m[90m 124 |[39m     
[36mreturn[39m originalCollectionMethods[33m.[
39minsertOne[33m.[39mapply([36mthis[39m[33m,
[39m args)[33m;[39m
     [90m     |[39m                             
                   [31m[1m^[22m[39m
     [90m 125 |[39m })[33m;[39m
     [90m 126 |[39m
     [90m 127 |[39m writeSpies[33m.[39minsertM
any[33m.[39mmockImplementation([36mfunction[39
m ([33m...[39margs) {[0m

      at NativeCollection.<anonymous> 
(node_modules/jest-mock/build/index.js:256:28)
      at NativeCollection.<anonymous> 
(tests/setup.js:124:48)
      at NativeCollection.<anonymous> 
(tests/setup.js:124:48)
      at NativeCollection.<anonymous> 
(tests/setup.js:124:48)
      at NativeCollection.<anonymous> 
(tests/setup.js:124:48)
      at NativeCollection.<anonymous> 
(tests/setup.js:124:48)
      at NativeCollection.<anonymous> 
(tests/setup.js:124:48)
      at NativeCollection.<anonymous> 
(tests/setup.js:124:48)
      at NativeCollection.<anonymous> 
(tests/setup.js:124:48)
      at NativeCollection.<anonymous> 
(tests/setup.js:124:48)
      at NativeCollection.<anonymous> 
(tests/setup.js:124:48)
      at NativeCollection.<anonymous> 
(tests/setup.js:124:48)
      at NativeCollection.<anonymous> 
(tests/setup.js:124:48)
      at NativeCollection.<anonymous> 
(tests/setup.js:124:48)
      at NativeCollection.<anonymous> 
(tests/setup.js:124:48)
      at NativeCollection.<anonymous> 
(tests/setup.js:124:48)
      at NativeCollection.<anonymous> 
(tests/setup.js:124:48)
      at NativeCollection.<anonymous> 
(tests/setup.js:124:48)
      at NativeCollection.<anonymous> 
(tests/setup.js:124:48)
      at NativeCollection.<anonymous> 
(tests/setup.js:124:48)
      at NativeCollection.<anonymous> 
(tests/setup.js:124:48)
      at NativeCollection.<anonymous> 
(tests/setup.js:124:48)
      at NativeCollection.<anonymous> 
(tests/setup.js:124:48)
      at NativeCollection.<anonymous> 
(tests/setup.js:124:48)
      at NativeCollection.<anonymous> 
(tests/setup.js:124:48)
      at NativeCollection.<anonymous> 
(tests/setup.js:124:48)

--------------------------------------------|---------|----------|---------|---------|--------------------------------
File                                        | % Stmts | % Branch | % Funcs | % Lines | Uncovered Line #s              
--------------------------------------------|---------|----------|---------|---------|--------------------------------
All files                                   |   21.63 |        0 |       0 |   23.03 |                                
 controller                                 |    4.45 |        0 |       0 |    4.84 |                                
  annotationProject.controller.js           |    5.63 |        0 |       0 |    5.88 | 62-245                         
  assessment.controller.js                  |     2.5 |        0 |       0 |    3.17 | 39-166                         
  assessmentAnalytics.controller.js         |       0 |        0 |       0 |       0 | 10-46                          
  chatSupport.controller.js                 |     7.5 |        0 |       0 |     8.1 | 36-132                         
  dtUser.controller.js                      |    0.69 |        0 |       0 |    0.75 | 34-408                         
  invoice.controller.js                     |    3.12 |        0 |       0 |    3.22 | 34-135                         
  media.controller.js                       |       0 |        0 |       0 |       0 | 13-95                          
  multimediaAssessmentConfig.controller.js  |    3.84 |        0 |       0 |       4 | 92-219                         
  multimediaAssessmentSession.controller.js |    4.54 |        0 |       0 |    4.76 | 52-270                         
  notification.controller.js                |    2.27 |        0 |       0 |    2.38 | 22-102                         
  passwordReset.controller.js               |    7.14 |        0 |       0 |    8.33 | 24-73                          
  project.js                                |    5.88 |        0 |       0 |    5.88 | 13-41                          
  qaReview.controller.js                    |   10.25 |        0 |       0 |   12.12 | 29-91                          
  spideyAssessment.controller.js            |    3.57 |        0 |       0 |    3.57 | 37-183                         
  supportTicket.controller.js               |    8.82 |        0 |       0 |    9.52 | 59-220                         
  task.js                                   |   11.76 |        0 |       0 |   11.76 | 20-47                          
  user.js                                   |    4.34 |        0 |       0 |    4.76 | 9-48                           
  validateuser.js                           |   16.66 |        0 |       0 |      20 | 16-20                          
  videoReel.controller.js                   |       8 |        0 |       0 |       8 | 16-19,53-121                   
 middleware                                 |    4.54 |        0 |       0 |    4.59 |                                
  adminAuth.js                              |    3.57 |        0 |       0 |    3.57 | 9-75                           
  auth.js                                   |    5.71 |        0 |       0 |    5.71 | 9-68,76-87                     
  errorHandler.js                           |       4 |        0 |       0 |    4.16 | 9-52                           
 routes                                     |   85.47 |        0 |       0 |   86.55 |                                
  admin.js                                  |     100 |      100 |     100 |     100 |                                
  assessment.js                             |     100 |      100 |     100 |     100 |                                
  auth.js                                   |   59.25 |        0 |       0 |   61.53 | 93-110,118-134,140-156,162-168 
  chat.js                                   |     100 |      100 |     100 |     100 |                                
  media.js                                  |    87.5 |        0 |       0 |    87.5 | 74,96                          
  notifications.js                          |     100 |      100 |     100 |     100 |                                
  qa.js                                     |     100 |      100 |     100 |     100 |                                
  support.js                                |     100 |      100 |     100 |     100 |                                
--------------------------------------------|---------|----------|---------|---------|--------------------------------
Test Suites: 1 failed, 1 total
Tests:       2 failed, 2 total
Snapshots:   0 total
Time:        6.188 s, estimated 13 s
Ran all test suites matching 
tests/integration/auth.test.js.
Force exiting Jest: Have you considered using 
`--detectOpenHandles` to detect async operations 
that kept running after all tests finished?
